START header

gEDA's netlist format
Created specifically for testing of gnetlist

END header

START components

U1 device=7404
U2 device=7404
Utop/Umiddle/Urock/Qrock device=PNP_TRANSISTOR
Uunder/Umiddle/Urock/Qrock device=PNP_TRANSISTOR

END components

START renamed-nets

middleA -> U1_2_to_B
rockA -> U1_2_to_B
unnamed_net2 -> U1_2_to_B
unnamed_net4 -> U1_2_to_B
U2_1_to_E-net -> U2_1_to_E
middleB -> U2_1_to_E
rockB -> U2_1_to_E
unnamed_net1 -> U2_1_to_E
unnamed_net3 -> U2_1_to_E

END renamed-nets

START nets

GND : U1 7, U2 7
U1_2_to_B : U1 2, Utop/Umiddle/Urock/Qrock B, Uunder/Umiddle/Urock/Qrock B
U2_1_to_E : U2 1, Utop/Umiddle/Urock/Qrock E, Uunder/Umiddle/Urock/Qrock E
Utop/Umiddle/Urock/-12V : Utop/Umiddle/Urock/Qrock C
Utop/Umiddle/Urock/BUGA : Utop/Umiddle/Urock/Qrock D
Uunder/Umiddle/Urock/-12V : Uunder/Umiddle/Urock/Qrock C
Uunder/Umiddle/Urock/BUGA : Uunder/Umiddle/Urock/Qrock D
Vcc : U1 14, U2 14
same_for_all : U2 2

END nets

