-- Structural VAMS generated by gnetlist
-- Secondary unit

ARCHITECTURE default_architecture OF default_entity IS
	unknown 3.3V 	:  unknown;
	unknown 5V 	:  unknown;
	unknown DGND 	:  unknown;
	unknown DIGITAL_GND 	:  unknown;
	unknown Vcc 	:  unknown;
	unknown XGND 	:  unknown;
	unknown netattrib 	:  unknown;
	unknown one 	:  unknown;
	unknown out3 	:  unknown;
	unknown out8 	:  unknown;
	unknown sig9 	:  unknown;
	unknown signal1 	:  unknown;
	unknown signal4 	:  unknown;
	unknown signal6 	:  unknown;
	unknown signal9 	:  unknown;
	unknown signal12x 	:  unknown;
	unknown unnamed_net1 	:  unknown;
	unknown unnamed_net2 	:  unknown;
BEGIN
-- Architecture statement part

  F1 : ENTITY FUSE
	PORT MAP (	1 => one,
			2 => OPEN);

  U100 : ENTITY 7400
	GENERIC MAP (
			net => netattrib:5)
	PORT MAP (	1 => OPEN,
			2 => OPEN,
			3 => one,
			5 => netattrib,
			7 => sig9,
			14 => Vcc);

  U200 : ENTITY 7404
	GENERIC MAP (
			net => XGND:7)
	PORT MAP (	1 => one,
			2 => netattrib,
			7 => XGND,
			14 => Vcc);

  U300 : ENTITY 7404
	PORT MAP (	1 => one,
			2 => unnamed_net1,
			7 => sig9,
			14 => Vcc);

  U400 : ENTITY 7400
	GENERIC MAP (
			slot => 1, 
			net => signal3:3)
	PORT MAP (	1 => signal1,
			2 => DGND,
			3 => out3,
			4 => signal4,
			5 => out3,
			6 => signal6,
			7 => sig9,
			8 => out8,
			9 => signal9,
			10 => signal4,
			12 => signal12x,
			14 => Vcc);

  U500 : ENTITY 7400
	GENERIC MAP (
			slot => 1, 
			net => 3.3V:14)
	PORT MAP (	1 => signal1,
			2 => OPEN,
			3 => unnamed_net2,
			4 => unnamed_net2,
			5 => unnamed_net2,
			6 => OPEN,
			7 => sig9,
			8 => OPEN,
			9 => sig9,
			10 => DIGITAL_GND,
			14 => 3.3V,
			14 => 5V);
END ARCHITECTURE default_architecture;
