* lepton-netlist -g spice-sdb ./common/cascade.sch
*********************************************************
* Spice file generated by gnetlist                      *
* spice-sdb version 4.28.2007 by SDB --                 *
* provides advanced spice netlisting capability.        *
* Documentation at http://www.brorson.com/gEDA/SPICE/   *
*********************************************************
*==============  Begin SPICE netlist of main design ============
R1 0 netx <No valid value attribute found>
R2 netx nety <No valid value attribute found>
R3 nety 0 <No valid value attribute found>
.end
