START header

gEDA's netlist format
Created specifically for testing of gnetlist

END header

START components

R1 device=RESISTOR
R2 device=RESISTOR
R3 device=RESISTOR

END components

START renamed-nets


END renamed-nets

START nets

GND : R1 1, R3 2
netx : R1 2, R2 1
nety : R2 2, R3 1

END nets

