START header

gEDA's netlist format
Created specifically for testing of gnetlist

END header

START components

A1 device=options
R1 device=RESISTOR
V1 device=VOLTAGE_SOURCE

END components

START renamed-nets


END renamed-nets

START nets

GND : R1 1, V1 2
unnamed_net1 : R1 2, V1 1

END nets

