* lepton-netlist -g spice-sdb ./common/multiequal.sch
*********************************************************
* Spice file generated by gnetlist                      *
* spice-sdb version 4.28.2007 by SDB --                 *
* provides advanced spice netlisting capability.        *
* Documentation at http://www.brorson.com/gEDA/SPICE/   *
*********************************************************
*==============  Begin SPICE netlist of main design ============
.OPTIONS abotol=1e-11
R1 0 1 20
V1 1 0 DC 1V
.end
