% ViPEC RF Netlister
% Written by Matthew Ettus
% Based on code by Bas Gieltjes
CKT
	error	8 #<unspecified> 	% F1
	error	#<unspecified> #<unspecified> 8 #<unspecified> #<unspecified> #<unspecified> 	% U100
	error	8 7 #<unspecified> #<unspecified> 	% U200
	error	8 16 #<unspecified> #<unspecified> 	% U300
	error	10 3 11 #<unspecified> #<unspecified> #<unspecified> #<unspecified> #<unspecified> #<unspecified> #<unspecified> #<unspecified> #<unspecified> 	% U400
	error	10 #<unspecified> 17 #<unspecified> #<unspecified> #<unspecified> #<unspecified> #<unspecified> #<unspecified> #<unspecified> #<unspecified> 	% U500
	DEF2P	#<unspecified>  #<unspecified>
	TERM	50 50

