* Spice netlister for gnetlist
F1 one unconnected_pin-3 <No valid value attribute found>
U100 unconnected_pin-2 unconnected_pin-1 one ERROR_INVALID_PIN ERROR_INVALID_PIN ERROR_INVALID_PIN <No valid value attribute found>
U200 one netattrib ERROR_INVALID_PIN ERROR_INVALID_PIN <No valid value attribute found>
U300 one 1 ERROR_INVALID_PIN ERROR_INVALID_PIN <No valid value attribute found>
U400.1 signal1 DGND signal3 ERROR_INVALID_PIN ERROR_INVALID_PIN <No valid value attribute found>
U400.2 signal4 signal3 signal6 ERROR_INVALID_PIN ERROR_INVALID_PIN <No valid value attribute found>
U400.3 signal6 signal4 signal8 ERROR_INVALID_PIN ERROR_INVALID_PIN ERROR_INVALID_PIN <No valid value attribute found>
U500.1 signal1 unconnected_pin-5 4 ERROR_INVALID_PIN ERROR_INVALID_PIN <No valid value attribute found>
U500.2 4 4 unconnected_pin-7 ERROR_INVALID_PIN ERROR_INVALID_PIN <No valid value attribute found>
U500.3 sig9 DIGITAL_GND unconnected_pin-8 <No valid value attribute found>
.END
