/* structural Verilog generated by gnetlist */
/* WARNING: This is a generated file, edits */
/*        made here will be lost next time  */
/*        you run gnetlist!                 */
/* Id ..........$Id$ */
/* Source.......$Source$ */
/* Revision.....$Revision$ */
/* Author.......$Author$ */

module \not found  (

      );

/* Port directions begin here */


/* Wires from the design */
wire GND ;
wire SING_N ;
wire SING_N_2 ;
wire Vcc ;

/* continuous assignments */

/* Package instantiations */
\7400  U100 (
    .\1  ( SING_N_2 ),
    .\3  ( SING_N_2 ),
    .\4  ( SING_N ),
    .\5  ( SING_N ),
    .\6  ( SING_N ),
    .\7  ( GND ),
    .\8  ( SING_N ),
    .\9  ( SING_N ),
    .\10  ( SING_N ),
    .\14  ( Vcc )
    );

endmodule
