LIBRARY ieee,disciplines;
USE ieee.math_real.all;
USE ieee.math_real.all;
USE work.electrical_system.all;
USE work.all;
	 GENERIC (	device : REAL := 7404;
			footprint : REAL := DIP14 );
#t
-- Entity declaration --

ENTITY unknown IS
#<unspecified>
#<unspecified>
END ENTITY unknown;

